20:00:04  INFO  ============================================================
20:00:04  INFO  Business Entity Resolution Pipeline
20:00:04  INFO  ============================================================
20:00:04  INFO  
[1/8] Loading & normalizing training data …
20:00:16  INFO    loaded normalized train from cache
20:00:17  INFO  
[2/8] Loading ground truth …
20:00:27  INFO  
[3/8] Train/val split …
20:00:27  INFO    train=1,986,139  val=220,682
20:00:28  INFO  
[4/8] Blocking — training candidates …
20:00:28  INFO  Generating candidates for train …
20:00:29  INFO    Countries in S1: {'us', 'india'}
20:00:29  INFO    === Country: us ===
20:00:29  INFO    Blocking against S2 …
20:00:29  INFO      Building Sx TF-IDF index for country='us' …
20:02:16  INFO      Querying 1,191,425 S1 rows against 3,016,817 Sx rows …
20:02:47  INFO        … 5,000/1,191,425
20:03:15  INFO        … 30,000/1,191,425
20:03:35  INFO        … 55,000/1,191,425
20:04:05  INFO        … 80,000/1,191,425
20:04:22  INFO        … 105,000/1,191,425
20:04:39  INFO        … 130,000/1,191,425
20:04:56  INFO        … 155,000/1,191,425
20:05:14  INFO        … 180,000/1,191,425
20:05:32  INFO        … 205,000/1,191,425
20:05:48  INFO        … 230,000/1,191,425
20:06:03  INFO        … 255,000/1,191,425
20:06:19  INFO        … 280,000/1,191,425
20:06:36  INFO        … 305,000/1,191,425
20:06:54  INFO        … 330,000/1,191,425
20:07:12  INFO        … 355,000/1,191,425
20:07:36  INFO        … 380,000/1,191,425
20:07:53  INFO        … 405,000/1,191,425
20:08:12  INFO        … 430,000/1,191,425
20:08:30  INFO        … 455,000/1,191,425
20:08:47  INFO        … 480,000/1,191,425
20:09:04  INFO        … 505,000/1,191,425
20:09:22  INFO        … 530,000/1,191,425
20:09:40  INFO        … 555,000/1,191,425
20:09:57  INFO        … 580,000/1,191,425
20:10:15  INFO        … 605,000/1,191,425
20:10:35  INFO        … 630,000/1,191,425
20:10:53  INFO        … 655,000/1,191,425
20:11:10  INFO        … 680,000/1,191,425
20:11:34  INFO        … 705,000/1,191,425
20:11:54  INFO        … 730,000/1,191,425
20:12:11  INFO        … 755,000/1,191,425
20:12:28  INFO        … 780,000/1,191,425
20:12:46  INFO        … 805,000/1,191,425
20:13:04  INFO        … 830,000/1,191,425
20:13:21  INFO        … 855,000/1,191,425
20:13:38  INFO        … 880,000/1,191,425
20:13:55  INFO        … 905,000/1,191,425
20:14:13  INFO        … 930,000/1,191,425
20:14:31  INFO        … 955,000/1,191,425
20:14:50  INFO        … 980,000/1,191,425
20:15:10  INFO        … 1,005,000/1,191,425
20:15:29  INFO        … 1,030,000/1,191,425
20:15:47  INFO        … 1,055,000/1,191,425
20:16:10  INFO        … 1,080,000/1,191,425
20:16:27  INFO        … 1,105,000/1,191,425
20:16:43  INFO        … 1,130,000/1,191,425
20:16:59  INFO        … 1,155,000/1,191,425
20:17:16  INFO        … 1,180,000/1,191,425
20:17:23  INFO        … 1,191,425/1,191,425
20:17:24  INFO    Blocking against S3 …
20:17:24  INFO      Building Sx TF-IDF index for country='us' …
20:19:45  INFO      Querying 1,191,425 S1 rows against 3,170,056 Sx rows …
20:20:13  INFO        … 5,000/1,191,425
20:20:44  INFO        … 30,000/1,191,425
20:21:06  INFO        … 55,000/1,191,425
20:21:27  INFO        … 80,000/1,191,425
20:21:48  INFO        … 105,000/1,191,425
20:22:07  INFO        … 130,000/1,191,425
20:22:29  INFO        … 155,000/1,191,425
20:22:50  INFO        … 180,000/1,191,425
20:23:10  INFO        … 205,000/1,191,425
20:23:30  INFO        … 230,000/1,191,425
20:23:49  INFO        … 255,000/1,191,425
20:24:10  INFO        … 280,000/1,191,425
20:24:46  INFO        … 305,000/1,191,425
20:25:07  INFO        … 330,000/1,191,425
20:25:27  INFO        … 355,000/1,191,425
20:25:46  INFO        … 380,000/1,191,425
20:26:05  INFO        … 405,000/1,191,425
20:26:25  INFO        … 430,000/1,191,425
20:26:45  INFO        … 455,000/1,191,425
20:27:05  INFO        … 480,000/1,191,425
20:27:27  INFO        … 505,000/1,191,425
20:27:48  INFO        … 530,000/1,191,425
20:28:09  INFO        … 555,000/1,191,425
20:28:29  INFO        … 580,000/1,191,425
20:28:50  INFO        … 605,000/1,191,425
20:29:12  INFO        … 630,000/1,191,425
20:29:32  INFO        … 655,000/1,191,425
20:29:53  INFO        … 680,000/1,191,425
20:30:15  INFO        … 705,000/1,191,425
20:30:34  INFO        … 730,000/1,191,425
20:30:54  INFO        … 755,000/1,191,425
20:31:38  INFO        … 780,000/1,191,425
20:32:18  INFO        … 805,000/1,191,425
20:32:57  INFO        … 830,000/1,191,425
20:33:38  INFO        … 855,000/1,191,425
20:34:18  INFO        … 880,000/1,191,425
20:34:59  INFO        … 905,000/1,191,425
20:35:39  INFO        … 930,000/1,191,425
20:36:18  INFO        … 955,000/1,191,425
20:36:58  INFO        … 980,000/1,191,425
20:37:33  INFO        … 1,005,000/1,191,425
20:38:09  INFO        … 1,030,000/1,191,425
20:38:44  INFO        … 1,055,000/1,191,425
20:39:20  INFO        … 1,080,000/1,191,425
20:39:59  INFO        … 1,105,000/1,191,425
20:40:36  INFO        … 1,130,000/1,191,425
20:41:13  INFO        … 1,155,000/1,191,425
20:41:51  INFO        … 1,180,000/1,191,425
20:42:08  INFO        … 1,191,425/1,191,425
20:42:16  INFO    === Country: india ===
20:42:16  INFO    Blocking against S2 …
20:42:16  INFO      Building Sx TF-IDF index for country='india' …
20:46:03  INFO      Querying 794,714 S1 rows against 2,017,799 Sx rows …
20:46:30  INFO        … 5,000/794,714
20:47:25  INFO        … 30,000/794,714
20:48:16  INFO        … 55,000/794,714
20:49:02  INFO        … 80,000/794,714
20:49:50  INFO        … 105,000/794,714
20:51:04  INFO        … 130,000/794,714
20:51:49  INFO        … 155,000/794,714
20:52:34  INFO        … 180,000/794,714
20:53:22  INFO        … 205,000/794,714
20:54:03  INFO        … 230,000/794,714
20:54:41  INFO        … 255,000/794,714
20:55:22  INFO        … 280,000/794,714
20:56:03  INFO        … 305,000/794,714
20:56:46  INFO        … 330,000/794,714
20:57:27  INFO        … 355,000/794,714
20:58:07  INFO        … 380,000/794,714
20:58:49  INFO        … 405,000/794,714
20:59:31  INFO        … 430,000/794,714
21:00:11  INFO        … 455,000/794,714
21:00:52  INFO        … 480,000/794,714
21:01:32  INFO        … 505,000/794,714
21:02:13  INFO        … 530,000/794,714
21:02:54  INFO        … 555,000/794,714
21:03:39  INFO        … 580,000/794,714
21:04:30  INFO        … 605,000/794,714
21:05:15  INFO        … 630,000/794,714
21:06:01  INFO        … 655,000/794,714
21:06:47  INFO        … 680,000/794,714
21:07:32  INFO        … 705,000/794,714
21:08:11  INFO        … 730,000/794,714
21:08:50  INFO        … 755,000/794,714
21:09:30  INFO        … 780,000/794,714
21:09:53  INFO        … 794,714/794,714
21:09:55  INFO    Blocking against S3 …
21:09:55  INFO      Building Sx TF-IDF index for country='india' …
21:13:33  INFO      Querying 794,714 S1 rows against 2,115,547 Sx rows …
21:13:57  INFO        … 5,000/794,714
21:14:53  INFO        … 30,000/794,714
21:15:38  INFO        … 55,000/794,714
21:16:59  INFO        … 80,000/794,714
21:17:50  INFO        … 105,000/794,714
21:18:46  INFO        … 130,000/794,714
21:19:34  INFO        … 155,000/794,714
21:20:21  INFO        … 180,000/794,714
21:21:06  INFO        … 205,000/794,714
21:21:55  INFO        … 230,000/794,714
21:22:39  INFO        … 255,000/794,714
21:23:22  INFO        … 280,000/794,714
21:24:07  INFO        … 305,000/794,714
21:24:52  INFO        … 330,000/794,714
21:25:38  INFO        … 355,000/794,714
21:26:22  INFO        … 380,000/794,714
21:27:20  INFO        … 405,000/794,714
21:28:14  INFO        … 430,000/794,714
21:29:10  INFO        … 455,000/794,714
21:30:05  INFO        … 480,000/794,714
21:30:58  INFO        … 505,000/794,714
21:31:51  INFO        … 530,000/794,714
21:32:44  INFO        … 555,000/794,714
21:33:39  INFO        … 580,000/794,714
21:34:33  INFO        … 605,000/794,714
21:35:25  INFO        … 630,000/794,714
21:36:12  INFO        … 655,000/794,714
21:36:56  INFO        … 680,000/794,714
21:37:39  INFO        … 705,000/794,714
21:38:21  INFO        … 730,000/794,714
21:39:38  INFO        … 755,000/794,714
21:40:29  INFO        … 780,000/794,714
21:40:59  INFO        … 794,714/794,714
22:57:19  INFO    cached candidates_train
22:57:19  INFO    Generated candidates for 1,986,139 S1 entities
22:57:59  INFO  
[5/8] Building training feature matrix …
23:01:49  INFO    Training pairs: 27,096,185  (pos=5,059,069, neg=22,037,116)
01:17:11  INFO    Train: X=(27096185, 9)  pos=5,059,069
01:17:22  INFO  Generating candidates for val …
01:18:39  INFO    Countries in S1: {'us', 'india'}
01:18:39  INFO    === Country: us ===
01:18:39  INFO    Blocking against S2 …
01:18:39  INFO      Building Sx TF-IDF index for country='us' …
01:23:52  INFO      Querying 132,208 S1 rows against 3,016,817 Sx rows …
01:24:34  INFO        … 5,000/132,208
01:25:21  INFO        … 30,000/132,208
01:26:02  INFO        … 55,000/132,208
01:26:44  INFO        … 80,000/132,208
01:27:23  INFO        … 105,000/132,208
01:28:05  INFO        … 130,000/132,208
01:28:09  INFO        … 132,208/132,208
01:28:11  INFO    Blocking against S3 …
01:28:11  INFO      Building Sx TF-IDF index for country='us' …
01:33:27  INFO      Querying 132,208 S1 rows against 3,170,056 Sx rows …
01:34:01  INFO        … 5,000/132,208
01:34:49  INFO        … 30,000/132,208
01:35:34  INFO        … 55,000/132,208
01:36:16  INFO        … 80,000/132,208
01:36:58  INFO        … 105,000/132,208
01:37:39  INFO        … 130,000/132,208
01:37:43  INFO        … 132,208/132,208
01:37:47  INFO    === Country: india ===
01:37:47  INFO    Blocking against S2 …
01:37:47  INFO      Building Sx TF-IDF index for country='india' …
01:40:49  INFO      Querying 88,474 S1 rows against 2,017,799 Sx rows …
01:41:02  INFO        … 5,000/88,474
01:41:27  INFO        … 30,000/88,474
01:41:48  INFO        … 55,000/88,474
01:42:09  INFO        … 80,000/88,474
01:42:16  INFO        … 88,474/88,474
01:42:20  INFO    Blocking against S3 …
01:42:20  INFO      Building Sx TF-IDF index for country='india' …
01:44:13  INFO      Querying 88,474 S1 rows against 2,115,547 Sx rows …
01:44:22  INFO        … 5,000/88,474
01:44:49  INFO        … 30,000/88,474
01:45:13  INFO        … 55,000/88,474
01:45:37  INFO        … 80,000/88,474
01:45:45  INFO        … 88,474/88,474
01:46:34  INFO    cached candidates_val
01:46:34  INFO    Generated candidates for 220,682 S1 entities
01:46:46  INFO    Training pairs: 3,788,887  (pos=559,695, neg=3,229,192)
02:00:30  INFO    Val:   X=(3788887, 9)   pos=559,695
02:01:29  INFO    cached train_features
02:01:29  INFO  
[6/8] Training LightGBM …
02:03:27  INFO    LightGBM trained
02:03:27  INFO    cached lgbm_model
02:03:27  INFO  
[7/8] Tuning threshold on validation split …
02:03:49  INFO      threshold=0.10  macro_F0.5=0.6299
02:03:52  INFO      threshold=0.15  macro_F0.5=0.6527
02:03:54  INFO      threshold=0.20  macro_F0.5=0.6688
02:03:56  INFO      threshold=0.25  macro_F0.5=0.6812
02:03:59  INFO      threshold=0.30  macro_F0.5=0.6912
02:04:59  INFO      threshold=0.35  macro_F0.5=0.7003
02:05:01  INFO      threshold=0.40  macro_F0.5=0.7083
02:05:04  INFO      threshold=0.45  macro_F0.5=0.7161
02:05:06  INFO      threshold=0.50  macro_F0.5=0.7233
02:05:08  INFO      threshold=0.55  macro_F0.5=0.7302
02:05:11  INFO      threshold=0.60  macro_F0.5=0.7369
02:05:26  INFO      threshold=0.65  macro_F0.5=0.7436
02:05:29  INFO      threshold=0.70  macro_F0.5=0.7502
02:05:31  INFO      threshold=0.75  macro_F0.5=0.7567
02:05:34  INFO      threshold=0.80  macro_F0.5=0.7629
02:05:36  INFO      threshold=0.85  macro_F0.5=0.7682
02:05:52  INFO      threshold=0.90  macro_F0.5=0.7670
02:05:52  INFO    Best threshold: 0.85  (macro F0.5=0.7682)
02:05:52  INFO  
[8/8] Processing test data …
02:05:52  INFO  Loading & normalizing test data …
02:05:55  INFO    read 1,732,544 rows from test_source1.tsv  (3.0s)
02:06:17  INFO    read 4,887,273 rows from test_source2.tsv  (21.5s)
02:06:59  INFO    read 5,082,316 rows from test_source3.tsv  (42.8s)
02:06:59  INFO    Enriching S1 …
02:08:06  INFO    Enriching S2 …
02:11:11  INFO    Enriching S3 …
02:26:00  INFO    cached normalized_test
02:26:36  INFO  Generating candidates for test …
02:26:45  INFO    Countries in S1: {'us', 'india', 'france'}
02:26:45  INFO    === Country: us ===
02:26:45  INFO    Blocking against S2 …
02:26:45  INFO      Building Sx TF-IDF index for country='us' …
02:28:37  INFO      Querying 663,106 S1 rows against 1,871,330 Sx rows …
02:28:58  INFO        … 5,000/663,106
02:29:07  INFO        … 30,000/663,106
02:29:16  INFO        … 55,000/663,106
02:29:24  INFO        … 80,000/663,106
02:29:33  INFO        … 105,000/663,106
02:29:42  INFO        … 130,000/663,106
02:29:51  INFO        … 155,000/663,106
02:29:59  INFO        … 180,000/663,106
02:30:08  INFO        … 205,000/663,106
02:30:18  INFO        … 230,000/663,106
02:30:27  INFO        … 255,000/663,106
02:30:36  INFO        … 280,000/663,106
02:30:45  INFO        … 305,000/663,106
02:30:54  INFO        … 330,000/663,106
02:31:04  INFO        … 355,000/663,106
02:31:13  INFO        … 380,000/663,106
02:31:22  INFO        … 405,000/663,106
02:31:31  INFO        … 430,000/663,106
02:31:40  INFO        … 455,000/663,106
02:31:49  INFO        … 480,000/663,106
02:31:58  INFO        … 505,000/663,106
02:32:07  INFO        … 530,000/663,106
02:32:16  INFO        … 555,000/663,106
02:32:26  INFO        … 580,000/663,106
02:34:07  INFO        … 605,000/663,106
02:34:18  INFO        … 630,000/663,106
02:34:28  INFO        … 655,000/663,106
02:34:31  INFO        … 663,106/663,106
02:34:32  INFO    Blocking against S3 …
02:34:32  INFO      Building Sx TF-IDF index for country='us' …
02:36:55  INFO      Querying 663,106 S1 rows against 1,945,701 Sx rows …
02:37:02  INFO        … 5,000/663,106
02:37:11  INFO        … 30,000/663,106
02:37:19  INFO        … 55,000/663,106
02:37:28  INFO        … 80,000/663,106
02:37:36  INFO        … 105,000/663,106
02:37:45  INFO        … 130,000/663,106
02:37:54  INFO        … 155,000/663,106
02:38:03  INFO        … 180,000/663,106
02:38:12  INFO        … 205,000/663,106
02:38:21  INFO        … 230,000/663,106
02:38:30  INFO        … 255,000/663,106
02:38:39  INFO        … 280,000/663,106
02:38:48  INFO        … 305,000/663,106
02:38:58  INFO        … 330,000/663,106
02:39:07  INFO        … 355,000/663,106
02:39:16  INFO        … 380,000/663,106
02:39:25  INFO        … 405,000/663,106
02:39:34  INFO        … 430,000/663,106
02:39:44  INFO        … 455,000/663,106
02:39:53  INFO        … 480,000/663,106
02:40:02  INFO        … 505,000/663,106
02:40:12  INFO        … 530,000/663,106
02:40:21  INFO        … 555,000/663,106
02:41:46  INFO        … 580,000/663,106
02:41:57  INFO        … 605,000/663,106
02:42:07  INFO        … 630,000/663,106
02:42:16  INFO        … 655,000/663,106
02:42:19  INFO        … 663,106/663,106
02:42:21  INFO    === Country: india ===
02:42:21  INFO    Blocking against S2 …
02:42:21  INFO      Building Sx TF-IDF index for country='india' …
02:44:48  INFO      Querying 809,986 S1 rows against 2,312,565 Sx rows …
02:45:11  INFO        … 5,000/809,986
02:45:39  INFO        … 30,000/809,986
02:46:05  INFO        … 55,000/809,986
02:46:34  INFO        … 80,000/809,986
02:47:01  INFO        … 105,000/809,986
02:47:27  INFO        … 130,000/809,986
02:47:52  INFO        … 155,000/809,986
02:48:17  INFO        … 180,000/809,986
02:48:42  INFO        … 205,000/809,986
02:49:07  INFO        … 230,000/809,986
02:49:29  INFO        … 255,000/809,986
02:49:51  INFO        … 280,000/809,986
02:52:05  INFO        … 305,000/809,986
02:52:33  INFO        … 330,000/809,986
02:52:59  INFO        … 355,000/809,986
02:53:23  INFO        … 380,000/809,986
02:53:48  INFO        … 405,000/809,986
02:54:11  INFO        … 430,000/809,986
02:54:34  INFO        … 455,000/809,986
02:54:59  INFO        … 480,000/809,986
02:55:25  INFO        … 505,000/809,986
02:55:49  INFO        … 530,000/809,986
02:56:12  INFO        … 555,000/809,986
02:56:37  INFO        … 580,000/809,986
02:57:02  INFO        … 605,000/809,986
02:57:27  INFO        … 630,000/809,986
02:57:52  INFO        … 655,000/809,986
02:58:16  INFO        … 680,000/809,986
02:58:41  INFO        … 705,000/809,986
02:59:06  INFO        … 730,000/809,986
02:59:30  INFO        … 755,000/809,986
02:59:53  INFO        … 780,000/809,986
03:00:17  INFO        … 805,000/809,986
03:00:22  INFO        … 809,986/809,986
03:00:32  INFO    Blocking against S3 …
03:00:32  INFO      Building Sx TF-IDF index for country='india' …
03:02:51  INFO      Querying 809,986 S1 rows against 2,405,000 Sx rows …
03:03:12  INFO        … 5,000/809,986
03:03:48  INFO        … 30,000/809,986
03:04:16  INFO        … 55,000/809,986
03:04:42  INFO        … 80,000/809,986
03:05:08  INFO        … 105,000/809,986
03:05:34  INFO        … 130,000/809,986
03:06:00  INFO        … 155,000/809,986
03:06:24  INFO        … 180,000/809,986
03:06:47  INFO        … 205,000/809,986
03:07:11  INFO        … 230,000/809,986
03:07:34  INFO        … 255,000/809,986
03:07:57  INFO        … 280,000/809,986
03:08:20  INFO        … 305,000/809,986
03:10:45  INFO        … 330,000/809,986
03:11:13  INFO        … 355,000/809,986
03:11:38  INFO        … 380,000/809,986
03:12:05  INFO        … 405,000/809,986
03:12:30  INFO        … 430,000/809,986
03:12:56  INFO        … 455,000/809,986
03:13:22  INFO        … 480,000/809,986
03:13:48  INFO        … 505,000/809,986
03:14:13  INFO        … 530,000/809,986
03:14:39  INFO        … 555,000/809,986
03:15:08  INFO        … 580,000/809,986
03:15:36  INFO        … 605,000/809,986
03:16:03  INFO        … 630,000/809,986
03:16:32  INFO        … 655,000/809,986
03:16:59  INFO        … 680,000/809,986
03:17:33  INFO        … 705,000/809,986
03:17:59  INFO        … 730,000/809,986
03:18:24  INFO        … 755,000/809,986
03:18:51  INFO        … 780,000/809,986
03:19:17  INFO        … 805,000/809,986
03:19:23  INFO        … 809,986/809,986
03:20:38  INFO    === Country: france ===
03:20:38  INFO    Blocking against S2 …
03:20:38  INFO      Building Sx TF-IDF index for country='france' …
03:21:25  INFO      Querying 259,452 S1 rows against 703,378 Sx rows …
03:21:30  INFO        … 5,000/259,452
03:21:37  INFO        … 30,000/259,452
03:21:44  INFO        … 55,000/259,452
03:21:51  INFO        … 80,000/259,452
03:21:58  INFO        … 105,000/259,452
03:22:05  INFO        … 130,000/259,452
03:22:11  INFO        … 155,000/259,452
03:22:18  INFO        … 180,000/259,452
03:22:25  INFO        … 205,000/259,452
03:22:32  INFO        … 230,000/259,452
03:22:39  INFO        … 255,000/259,452
03:22:40  INFO        … 259,452/259,452
03:22:41  INFO    Blocking against S3 …
03:22:41  INFO      Building Sx TF-IDF index for country='france' …
03:23:36  INFO      Querying 259,452 S1 rows against 731,615 Sx rows …
03:23:40  INFO        … 5,000/259,452
03:23:47  INFO        … 30,000/259,452
03:23:54  INFO        … 55,000/259,452
03:24:01  INFO        … 80,000/259,452
03:24:08  INFO        … 105,000/259,452
03:24:15  INFO        … 130,000/259,452
03:24:22  INFO        … 155,000/259,452
03:24:29  INFO        … 180,000/259,452
03:24:37  INFO        … 205,000/259,452
03:24:44  INFO        … 230,000/259,452
03:24:52  INFO        … 255,000/259,452
03:24:53  INFO        … 259,452/259,452
04:09:20  INFO    cached candidates_test
04:09:20  INFO    Generated candidates for 1,732,544 S1 entities
04:10:33  INFO    Predicting with threshold=0.85 …
04:14:00  INFO    Total candidate pairs to score: 34,650,880
04:14:37  INFO      … scored 50,000/34,650,880
04:21:15  INFO      … scored 550,000/34,650,880
04:22:33  INFO      … scored 1,050,000/34,650,880
04:23:22  INFO      … scored 1,550,000/34,650,880
04:24:08  INFO      … scored 2,050,000/34,650,880
04:28:33  INFO      … scored 2,550,000/34,650,880
04:29:25  INFO      … scored 3,050,000/34,650,880
04:30:12  INFO      … scored 3,550,000/34,650,880
04:34:51  INFO      … scored 4,050,000/34,650,880
04:35:45  INFO      … scored 4,550,000/34,650,880
04:36:31  INFO      … scored 5,050,000/34,650,880
04:41:16  INFO      … scored 5,550,000/34,650,880
04:42:12  INFO      … scored 6,050,000/34,650,880
04:42:59  INFO      … scored 6,550,000/34,650,880
04:47:31  INFO      … scored 7,050,000/34,650,880
04:48:40  INFO      … scored 7,550,000/34,650,880
04:49:28  INFO      … scored 8,050,000/34,650,880
04:50:14  INFO      … scored 8,550,000/34,650,880
04:55:18  INFO      … scored 9,050,000/34,650,880
04:56:08  INFO      … scored 9,550,000/34,650,880
04:56:53  INFO      … scored 10,050,000/34,650,880
05:02:26  INFO      … scored 10,550,000/34,650,880
05:03:34  INFO      … scored 11,050,000/34,650,880
05:04:28  INFO      … scored 11,550,000/34,650,880
05:09:41  INFO      … scored 12,050,000/34,650,880
05:10:40  INFO      … scored 12,550,000/34,650,880
05:11:29  INFO      … scored 13,050,000/34,650,880
05:18:08  INFO      … scored 13,550,000/34,650,880
05:20:33  INFO      … scored 14,050,000/34,650,880
05:21:56  INFO      … scored 14,550,000/34,650,880
05:23:09  INFO      … scored 15,050,000/34,650,880
05:30:53  INFO      … scored 15,550,000/34,650,880
05:32:26  INFO      … scored 16,050,000/34,650,880
05:33:40  INFO      … scored 16,550,000/34,650,880
05:41:23  INFO      … scored 17,050,000/34,650,880
05:42:57  INFO      … scored 17,550,000/34,650,880
05:44:12  INFO      … scored 18,050,000/34,650,880
05:51:40  INFO      … scored 18,550,000/34,650,880
05:53:35  INFO      … scored 19,050,000/34,650,880
05:54:54  INFO      … scored 19,550,000/34,650,880
06:02:24  INFO      … scored 20,050,000/34,650,880
06:04:45  INFO      … scored 20,550,000/34,650,880
06:06:07  INFO      … scored 21,050,000/34,650,880
06:12:53  INFO      … scored 21,550,000/34,650,880
06:15:52  INFO      … scored 22,050,000/34,650,880
06:17:18  INFO      … scored 22,550,000/34,650,880
06:18:31  INFO      … scored 23,050,000/34,650,880
06:27:16  INFO      … scored 23,550,000/34,650,880
06:28:52  INFO      … scored 24,050,000/34,650,880
06:30:12  INFO      … scored 24,550,000/34,650,880
06:39:02  INFO      … scored 25,050,000/34,650,880
06:40:53  INFO      … scored 25,550,000/34,650,880
06:42:17  INFO      … scored 26,050,000/34,650,880
06:51:15  INFO      … scored 26,550,000/34,650,880
06:53:41  INFO      … scored 27,050,000/34,650,880
06:55:08  INFO      … scored 27,550,000/34,650,880
07:03:28  INFO      … scored 28,050,000/34,650,880
07:06:27  INFO      … scored 28,550,000/34,650,880
07:08:05  INFO      … scored 29,050,000/34,650,880
07:09:23  INFO      … scored 29,550,000/34,650,880
07:17:49  INFO      … scored 30,050,000/34,650,880
07:19:00  INFO      … scored 30,550,000/34,650,880
07:19:56  INFO      … scored 31,050,000/34,650,880
07:27:37  INFO      … scored 31,550,000/34,650,880
07:28:54  INFO      … scored 32,050,000/34,650,880
07:29:53  INFO      … scored 32,550,000/34,650,880
07:37:34  INFO      … scored 33,050,000/34,650,880
07:39:02  INFO      … scored 33,550,000/34,650,880
07:40:02  INFO      … scored 34,050,000/34,650,880
07:47:50  INFO      … scored 34,550,000/34,650,880
08:03:48  INFO    Wrote /Users/Heerashanker/Downloads/Main/Coding/Hackathons Projects/ML_Challenge_student_resource/output/matching_results.tsv
08:03:48  INFO    Wrote /Users/Heerashanker/Downloads/Main/Coding/Hackathons Projects/ML_Challenge_student_resource/output/candidate_pairs.tsv
08:03:48  INFO  
Done! Total time: 723.7 min
08:03:48  INFO  Outputs written to /Users/Heerashanker/Downloads/Main/Coding/Hackathons Projects/ML_Challenge_student_resource/output/
